// Jest Snapshot v1, https://goo.gl/fbAQLP

exports[`<CameraScreen /> Renders correctly 1`] = `
<View
  style={
    Object {
      "flex": 1,
    }
  }
>
  <Text>
    Har ikke tilgang til kamera
  </Text>
</View>
`;
